[INFO] Scanning for projects...
[INFO] 
[INFO] ----------------------< phamiz.ecommerce:backend >----------------------
[INFO] Building backend 0.0.1-SNAPSHOT
[INFO]   from pom.xml
[INFO] --------------------------------[ jar ]---------------------------------
[INFO] 
[INFO] --- resources:3.3.1:resources (default-resources) @ backend ---
[INFO] Copying 1 resource from src\main\resources to target\classes
[INFO] Copying 1 resource from src\main\resources to target\classes
[INFO] 
[INFO] --- compiler:3.11.0:compile (default-compile) @ backend ---
[INFO] Nothing to compile - all classes are up to date
[INFO] 
[INFO] --- resources:3.3.1:testResources (default-testResources) @ backend ---
[INFO] Copying 1 resource from src\test\resources to target\test-classes
[INFO] 
[INFO] --- compiler:3.11.0:testCompile (default-testCompile) @ backend ---
[INFO] Changes detected - recompiling the module! :source
[INFO] Compiling 24 source files with javac [debug release 17] to target\test-classes
[INFO] -------------------------------------------------------------
[ERROR] COMPILATION ERROR : 
[INFO] -------------------------------------------------------------
[ERROR] /D:/Project4/Ecommerce-React/backend/src/test/java/phamiz/ecommerce/backend/controller/PaymentControllerTest.java:[52,45] constructor CheckoutResponseData in class vn.payos.type.CheckoutResponseData cannot be applied to given types;
  required: java.lang.String,java.lang.String,java.lang.String,java.lang.Integer,java.lang.String,java.lang.Long,java.lang.String,java.lang.String,java.lang.String,java.lang.String,java.lang.String
  found:    no arguments
  reason: actual and formal argument lists differ in length
[ERROR] /D:/Project4/Ecommerce-React/backend/src/test/java/phamiz/ecommerce/backend/controller/PaymentControllerTest.java:[72,36] constructor PaymentLinkData in class vn.payos.type.PaymentLinkData cannot be applied to given types;
  required: java.lang.String,java.lang.Long,java.lang.Integer,java.lang.Integer,java.lang.Integer,java.lang.String,java.lang.String,java.util.List<vn.payos.type.Transaction>,java.lang.String,java.lang.String
  found:    no arguments
  reason: actual and formal argument lists differ in length
[INFO] 2 errors 
[INFO] -------------------------------------------------------------
[INFO] ------------------------------------------------------------------------
[INFO] BUILD FAILURE
[INFO] ------------------------------------------------------------------------
[INFO] Total time:  14.627 s
[INFO] Finished at: 2025-12-11T08:53:11+07:00
[INFO] ------------------------------------------------------------------------
[ERROR] Failed to execute goal org.apache.maven.plugins:maven-compiler-plugin:3.11.0:testCompile (default-testCompile) on project backend: Compilation failure: Compilation failure: 
[ERROR] /D:/Project4/Ecommerce-React/backend/src/test/java/phamiz/ecommerce/backend/controller/PaymentControllerTest.java:[52,45] constructor CheckoutResponseData in class vn.payos.type.CheckoutResponseData cannot be applied to given types;
[ERROR]   required: java.lang.String,java.lang.String,java.lang.String,java.lang.Integer,java.lang.String,java.lang.Long,java.lang.String,java.lang.String,java.lang.String,java.lang.String,java.lang.String
[ERROR]   found:    no arguments
[ERROR]   reason: actual and formal argument lists differ in length
[ERROR] /D:/Project4/Ecommerce-React/backend/src/test/java/phamiz/ecommerce/backend/controller/PaymentControllerTest.java:[72,36] constructor PaymentLinkData in class vn.payos.type.PaymentLinkData cannot be applied to given types;
[ERROR]   required: java.lang.String,java.lang.Long,java.lang.Integer,java.lang.Integer,java.lang.Integer,java.lang.String,java.lang.String,java.util.List<vn.payos.type.Transaction>,java.lang.String,java.lang.String
[ERROR]   found:    no arguments
[ERROR]   reason: actual and formal argument lists differ in length
[ERROR] -> [Help 1]
[ERROR] 
[ERROR] To see the full stack trace of the errors, re-run Maven with the -e switch.
[ERROR] Re-run Maven using the -X switch to enable full debug logging.
[ERROR] 
[ERROR] For more information about the errors and possible solutions, please read the following articles:
[ERROR] [Help 1] http://cwiki.apache.org/confluence/display/MAVEN/MojoFailureException
